2026/05/06 08:25:27 [zoom-debug] publish: pane=d455ee6f rect=46x19 snap=19x46 prev=19x46 alt=true
2026/05/06 08:25:27 [zoom-debug]   pane=d455ee6f haveVP=true vpRows=19 vpCols=46 autoFollow=true
2026/05/06 08:25:27 [zoom-debug]   pane=d455ee6f emit rows=0 decor=0 revision=7
2026/05/06 08:25:27 [zoom-debug] recalculateLayout: zoom paneID=b0c7224b rect=(0,2,255,64)
2026/05/06 08:25:27 [zoom-debug] recalculateLayout: zoom paneID=b0c7224b rect=(0,2,255,64)
2026/05/06 08:25:27 DesktopSink.Snapshot: ActiveWS=1, Panes=6
2026/05/06 08:25:27 [zoom-debug] publish: pane=ec6ea992 rect=125x30 snap=30x125 prev=30x125 alt=false
2026/05/06 08:25:27 [zoom-debug]   pane=ec6ea992 haveVP=true vpRows=30 vpCols=125 autoFollow=true
2026/05/06 08:25:27 [zoom-debug]   pane=ec6ea992 emit rows=0 decor=0 revision=625
2026/05/06 08:25:27 [zoom-debug] publish: pane=b0c7224b rect=255x62 snap=62x255 prev=30x130 alt=true
2026/05/06 08:25:27 [zoom-debug]   pane=b0c7224b haveVP=true vpRows=30 vpCols=130 autoFollow=true
2026/05/06 08:25:27 [zoom-debug]   pane=b0c7224b emit rows=62 decor=0 revision=625
2026/05/06 08:25:27 [zoom-debug] publish: pane=e45f8511 rect=102x32 snap=32x102 prev=32x102 alt=false
2026/05/06 08:25:27 [zoom-debug]   pane=e45f8511 haveVP=true vpRows=32 vpCols=102 autoFollow=true
2026/05/06 08:25:27 [zoom-debug]   pane=e45f8511 emit rows=0 decor=0 revision=625
2026/05/06 08:25:27 [zoom-debug] publish: pane=b6fc60fe rect=153x32 snap=32x153 prev=32x153 alt=false
2026/05/06 08:25:27 [zoom-debug]   pane=b6fc60fe haveVP=true vpRows=32 vpCols=153 autoFollow=true
2026/05/06 08:25:27 [zoom-debug]   pane=b6fc60fe emit rows=0 decor=0 revision=625
2026/05/06 08:25:27 [zoom-debug] publish: pane=cbacd5e4 rect=255x2 snap=2x255 prev=2x255 alt=true
2026/05/06 08:25:27 [zoom-debug]   pane=cbacd5e4 haveVP=true vpRows=2 vpCols=255 autoFollow=true
2026/05/06 08:25:27 [zoom-debug]   pane=cbacd5e4 emit rows=0 decor=0 revision=625
2026/05/06 08:25:27 [zoom-debug] publish: pane=d455ee6f rect=46x19 snap=19x46 prev=19x46 alt=true
2026/05/06 08:25:27 [zoom-debug]   pane=d455ee6f haveVP=true vpRows=19 vpCols=46 autoFollow=true
2026/05/06 08:25:27 [zoom-debug]   pane=d455ee6f emit rows=0 decor=0 revision=8
2026/05/06 08:25:27 [zoom-debug] recalculateLayout: zoom paneID=b0c7224b rect=(0,2,255,64)
2026/05/06 08:25:27 [zoom-debug] recalculateLayout: zoom paneID=b0c7224b rect=(0,2,255,64)
2026/05/06 08:25:27 [zoom-debug] publish: pane=ec6ea992 rect=125x30 snap=30x125 prev=0x0 alt=false
2026/05/06 08:25:27 [zoom-debug]   pane=ec6ea992 haveVP=true vpRows=30 vpCols=125 autoFollow=true
2026/05/06 08:25:27 [zoom-debug]   pane=ec6ea992 emit rows=27 decor=30 revision=626
2026/05/06 08:25:27 [zoom-debug] publish: pane=b0c7224b rect=255x62 snap=62x255 prev=0x0 alt=true
2026/05/06 08:25:27 [zoom-debug]   pane=b0c7224b haveVP=true vpRows=62 vpCols=255 autoFollow=true
2026/05/06 08:25:27 [zoom-debug]   pane=b0c7224b emit rows=62 decor=0 revision=626
2026/05/06 08:25:27 [zoom-debug] publish: pane=e45f8511 rect=102x32 snap=32x102 prev=0x0 alt=false
2026/05/06 08:25:27 [zoom-debug]   pane=e45f8511 haveVP=true vpRows=32 vpCols=102 autoFollow=true
2026/05/06 08:25:27 [zoom-debug]   pane=e45f8511 emit rows=29 decor=32 revision=626
2026/05/06 08:25:27 [zoom-debug] publish: pane=b6fc60fe rect=153x32 snap=32x153 prev=0x0 alt=false
2026/05/06 08:25:27 [zoom-debug]   pane=b6fc60fe haveVP=true vpRows=32 vpCols=153 autoFollow=true
2026/05/06 08:25:27 [zoom-debug]   pane=b6fc60fe emit rows=29 decor=32 revision=626
2026/05/06 08:25:27 [zoom-debug] publish: pane=cbacd5e4 rect=255x2 snap=2x255 prev=0x0 alt=true
2026/05/06 08:25:27 [zoom-debug]   pane=cbacd5e4 haveVP=true vpRows=2 vpCols=255 autoFollow=true
2026/05/06 08:25:27 [zoom-debug]   pane=cbacd5e4 emit rows=2 decor=0 revision=626
2026/05/06 08:25:27 DesktopSink.Snapshot: ActiveWS=1, Panes=5
2026/05/06 08:25:27 [zoom-debug] publish: pane=ec6ea992 rect=125x30 snap=30x125 prev=30x125 alt=false
2026/05/06 08:25:27 [zoom-debug]   pane=ec6ea992 haveVP=true vpRows=30 vpCols=125 autoFollow=true
2026/05/06 08:25:27 [zoom-debug]   pane=ec6ea992 emit rows=0 decor=0 revision=627
2026/05/06 08:25:27 [zoom-debug] publish: pane=b0c7224b rect=255x62 snap=62x255 prev=62x255 alt=true
2026/05/06 08:25:27 [zoom-debug]   pane=b0c7224b haveVP=true vpRows=62 vpCols=255 autoFollow=true
2026/05/06 08:25:27 [zoom-debug]   pane=b0c7224b emit rows=0 decor=0 revision=627
2026/05/06 08:25:27 [zoom-debug] publish: pane=e45f8511 rect=102x32 snap=32x102 prev=32x102 alt=false
2026/05/06 08:25:27 [zoom-debug]   pane=e45f8511 haveVP=true vpRows=32 vpCols=102 autoFollow=true
2026/05/06 08:25:27 [zoom-debug]   pane=e45f8511 emit rows=0 decor=0 revision=627
2026/05/06 08:25:27 [zoom-debug] publish: pane=b6fc60fe rect=153x32 snap=32x153 prev=32x153 alt=false
2026/05/06 08:25:27 [zoom-debug]   pane=b6fc60fe haveVP=true vpRows=32 vpCols=153 autoFollow=true
2026/05/06 08:25:27 [zoom-debug]   pane=b6fc60fe emit rows=0 decor=0 revision=627
2026/05/06 08:25:27 [zoom-debug] publish: pane=cbacd5e4 rect=255x2 snap=2x255 prev=2x255 alt=true
2026/05/06 08:25:27 [zoom-debug]   pane=cbacd5e4 haveVP=true vpRows=2 vpCols=255 autoFollow=true
2026/05/06 08:25:27 [zoom-debug]   pane=cbacd5e4 emit rows=0 decor=0 revision=627
2026/05/06 08:25:27 [zoom-debug] publish: pane=ec6ea992 rect=125x30 snap=30x125 prev=0x0 alt=false
2026/05/06 08:25:27 [zoom-debug]   pane=ec6ea992 haveVP=true vpRows=30 vpCols=125 autoFollow=true
2026/05/06 08:25:27 [zoom-debug]   pane=ec6ea992 emit rows=27 decor=30 revision=628
2026/05/06 08:25:27 [zoom-debug] publish: pane=b0c7224b rect=255x62 snap=62x255 prev=0x0 alt=true
2026/05/06 08:25:27 [zoom-debug]   pane=b0c7224b haveVP=true vpRows=62 vpCols=255 autoFollow=true
2026/05/06 08:25:27 [zoom-debug]   pane=b0c7224b emit rows=62 decor=0 revision=628
2026/05/06 08:25:27 [zoom-debug] publish: pane=e45f8511 rect=102x32 snap=32x102 prev=0x0 alt=false
2026/05/06 08:25:27 [zoom-debug]   pane=e45f8511 haveVP=true vpRows=32 vpCols=102 autoFollow=true
2026/05/06 08:25:27 [zoom-debug]   pane=e45f8511 emit rows=29 decor=32 revision=628
2026/05/06 08:25:27 [zoom-debug] publish: pane=b6fc60fe rect=153x32 snap=32x153 prev=0x0 alt=false
2026/05/06 08:25:27 [zoom-debug]   pane=b6fc60fe haveVP=true vpRows=32 vpCols=153 autoFollow=true
2026/05/06 08:25:27 [zoom-debug]   pane=b6fc60fe emit rows=29 decor=32 revision=628
2026/05/06 08:25:27 [zoom-debug] publish: pane=cbacd5e4 rect=255x2 snap=2x255 prev=0x0 alt=true
2026/05/06 08:25:27 [zoom-debug]   pane=cbacd5e4 haveVP=true vpRows=2 vpCols=255 autoFollow=true
